
Merging program properties

Removed property 0xc0000002 to merge /usr/lib/gcc/x86_64-redhat-linux/14/../../../../lib64/crt1.o (0x3) and rtt.o (not found)
Updated property 0xc0010001 (0x9) to merge /usr/lib/gcc/x86_64-redhat-linux/14/../../../../lib64/crt1.o (0x1) and rtt.o (0x9)
Updated property 0xc0010002 (0x1) to merge /usr/lib/gcc/x86_64-redhat-linux/14/../../../../lib64/crt1.o (0x0) and rtt.o (0x1)
Updated property 0xc0010001 (0x9) to merge /usr/lib/gcc/x86_64-redhat-linux/14/../../../../lib64/crt1.o (0x9) and app.o (0x1)
Updated property 0xc0010002 (0x1) to merge /usr/lib/gcc/x86_64-redhat-linux/14/../../../../lib64/crt1.o (0x1) and app.o (0x0)
Updated property 0xc0010001 (0x9) to merge /usr/lib/gcc/x86_64-redhat-linux/14/../../../../lib64/crt1.o (0x9) and /usr/lib/gcc/x86_64-redhat-linux/14/crtend.o (0x1)
Updated property 0xc0010002 (0x1) to merge /usr/lib/gcc/x86_64-redhat-linux/14/../../../../lib64/crt1.o (0x1) and /usr/lib/gcc/x86_64-redhat-linux/14/crtend.o (0x0)
Removed property 0xc0000002 to merge /usr/lib/gcc/x86_64-redhat-linux/14/../../../../lib64/crt1.o (not found) and /usr/lib/gcc/x86_64-redhat-linux/14/crtend.o (0x3)
Updated property 0xc0010001 (0x9) to merge /usr/lib/gcc/x86_64-redhat-linux/14/../../../../lib64/crt1.o (0x9) and /usr/lib/gcc/x86_64-redhat-linux/14/../../../../lib64/crtn.o (0x1)
Updated property 0xc0010002 (0x1) to merge /usr/lib/gcc/x86_64-redhat-linux/14/../../../../lib64/crt1.o (0x1) and /usr/lib/gcc/x86_64-redhat-linux/14/../../../../lib64/crtn.o (0x0)
Removed property 0xc0000002 to merge /usr/lib/gcc/x86_64-redhat-linux/14/../../../../lib64/crt1.o (not found) and /usr/lib/gcc/x86_64-redhat-linux/14/../../../../lib64/crtn.o (0x3)

Discarded input sections

 .note.GNU-stack
                0x0000000000000000        0x0 /usr/lib/gcc/x86_64-redhat-linux/14/../../../../lib64/crt1.o
 .note.gnu.property
                0x0000000000000000       0x50 /usr/lib/gcc/x86_64-redhat-linux/14/../../../../lib64/crti.o
 .note.GNU-stack
                0x0000000000000000        0x0 /usr/lib/gcc/x86_64-redhat-linux/14/../../../../lib64/crti.o
 .note.GNU-stack
                0x0000000000000000        0x0 /usr/lib/gcc/x86_64-redhat-linux/14/crtbegin.o
 .note.gnu.property
                0x0000000000000000       0x50 /usr/lib/gcc/x86_64-redhat-linux/14/crtbegin.o
 .note.GNU-stack
                0x0000000000000000        0x0 rtt.o
 .note.gnu.property
                0x0000000000000000       0x30 rtt.o
 .note.GNU-stack
                0x0000000000000000        0x0 rtThread.o
 .note.gnu.property
                0x0000000000000000       0x30 rtThread.o
 .note.GNU-stack
                0x0000000000000000        0x0 app.o
 .note.gnu.property
                0x0000000000000000       0x30 app.o
 .note.GNU-stack
                0x0000000000000000        0x0 /usr/lib/gcc/x86_64-redhat-linux/14/crtend.o
 .note.gnu.property
                0x0000000000000000       0x50 /usr/lib/gcc/x86_64-redhat-linux/14/crtend.o
 .note.gnu.property
                0x0000000000000000       0x50 /usr/lib/gcc/x86_64-redhat-linux/14/../../../../lib64/crtn.o
 .note.GNU-stack
                0x0000000000000000        0x0 /usr/lib/gcc/x86_64-redhat-linux/14/../../../../lib64/crtn.o

Memory Configuration

Name             Origin             Length             Attributes
*default*        0x0000000000000000 0xffffffffffffffff

Linker script and memory map

LOAD /usr/lib/gcc/x86_64-redhat-linux/14/../../../../lib64/crt1.o
LOAD /usr/lib/gcc/x86_64-redhat-linux/14/../../../../lib64/crti.o
LOAD /usr/lib/gcc/x86_64-redhat-linux/14/crtbegin.o
LOAD rtt.o
LOAD rtThread.o
LOAD app.o
LOAD /usr/lib/gcc/x86_64-redhat-linux/14/libgcc.a
LOAD /usr/lib/gcc/x86_64-redhat-linux/14/libgcc_s.so
START GROUP
LOAD /lib64/libgcc_s.so.1
LOAD /usr/lib/gcc/x86_64-redhat-linux/14/libgcc.a
END GROUP
LOAD /usr/lib/gcc/x86_64-redhat-linux/14/../../../../lib64/libc.so
START GROUP
LOAD /lib64/libc.so.6
LOAD /usr/lib64/libc_nonshared.a
LOAD /lib64/ld-linux-x86-64.so.2
END GROUP
LOAD /usr/lib/gcc/x86_64-redhat-linux/14/libgcc.a
LOAD /usr/lib/gcc/x86_64-redhat-linux/14/libgcc_s.so
START GROUP
LOAD /lib64/libgcc_s.so.1
LOAD /usr/lib/gcc/x86_64-redhat-linux/14/libgcc.a
END GROUP
LOAD /usr/lib/gcc/x86_64-redhat-linux/14/crtend.o
LOAD /usr/lib/gcc/x86_64-redhat-linux/14/../../../../lib64/crtn.o
                [!provide]                        PROVIDE (__executable_start = SEGMENT_START ("text-segment", 0x400000))
                0x0000000000400318                . = (SEGMENT_START ("text-segment", 0x400000) + SIZEOF_HEADERS)

.interp         0x0000000000400318       0x1c
 *(.interp)
 .interp        0x0000000000400318       0x1c /usr/lib/gcc/x86_64-redhat-linux/14/../../../../lib64/crt1.o

.note.gnu.property
                0x0000000000400338       0x40
 .note.gnu.property
                0x0000000000400338       0x40 /usr/lib/gcc/x86_64-redhat-linux/14/../../../../lib64/crt1.o

.note.gnu.build-id
                0x0000000000400378       0x24
 *(.note.gnu.build-id)
 .note.gnu.build-id
                0x0000000000400378       0x24 /usr/lib/gcc/x86_64-redhat-linux/14/../../../../lib64/crt1.o

.note.ABI-tag   0x000000000040039c       0x20
 .note.ABI-tag  0x000000000040039c       0x20 /usr/lib/gcc/x86_64-redhat-linux/14/../../../../lib64/crt1.o

.hash
 *(.hash)

.gnu.hash       0x00000000004003c0       0x28
 *(.gnu.hash)
 .gnu.hash      0x00000000004003c0       0x28 /usr/lib/gcc/x86_64-redhat-linux/14/../../../../lib64/crt1.o

.dynsym         0x00000000004003e8      0x2b8
 *(.dynsym)
 .dynsym        0x00000000004003e8      0x2b8 /usr/lib/gcc/x86_64-redhat-linux/14/../../../../lib64/crt1.o

.dynstr         0x00000000004006a0      0x178
 *(.dynstr)
 .dynstr        0x00000000004006a0      0x178 /usr/lib/gcc/x86_64-redhat-linux/14/../../../../lib64/crt1.o

.gnu.version    0x0000000000400818       0x3a
 *(.gnu.version)
 .gnu.version   0x0000000000400818       0x3a /usr/lib/gcc/x86_64-redhat-linux/14/../../../../lib64/crt1.o

.gnu.version_d  0x0000000000400858        0x0
 *(.gnu.version_d)
 .gnu.version_d
                0x0000000000400858        0x0 /usr/lib/gcc/x86_64-redhat-linux/14/../../../../lib64/crt1.o

.gnu.version_r  0x0000000000400858       0x50
 *(.gnu.version_r)
 .gnu.version_r
                0x0000000000400858       0x50 /usr/lib/gcc/x86_64-redhat-linux/14/../../../../lib64/crt1.o

.rela.dyn       0x00000000004008a8       0x60
 *(.rela.init)
 *(.rela.text .rela.text.* .rela.gnu.linkonce.t.*)
 .rela.text     0x00000000004008a8        0x0 /usr/lib/gcc/x86_64-redhat-linux/14/../../../../lib64/crt1.o
 *(.rela.fini)
 *(.rela.rodata .rela.rodata.* .rela.gnu.linkonce.r.*)
 *(.rela.data .rela.data.* .rela.gnu.linkonce.d.*)
 .rela.data.rel.ro
                0x00000000004008a8        0x0 /usr/lib/gcc/x86_64-redhat-linux/14/../../../../lib64/crt1.o
 *(.rela.tdata .rela.tdata.* .rela.gnu.linkonce.td.*)
 *(.rela.tbss .rela.tbss.* .rela.gnu.linkonce.tb.*)
 *(.rela.ctors)
 *(.rela.dtors)
 *(.rela.got)
 .rela.got      0x00000000004008a8       0x30 /usr/lib/gcc/x86_64-redhat-linux/14/../../../../lib64/crt1.o
 *(.rela.bss .rela.bss.* .rela.gnu.linkonce.b.*)
 .rela.bss      0x00000000004008d8       0x30 /usr/lib/gcc/x86_64-redhat-linux/14/../../../../lib64/crt1.o
 *(.rela.ldata .rela.ldata.* .rela.gnu.linkonce.l.*)
 *(.rela.lbss .rela.lbss.* .rela.gnu.linkonce.lb.*)
 *(.rela.lrodata .rela.lrodata.* .rela.gnu.linkonce.lr.*)
 *(.rela.ifunc)

.rela.plt       0x0000000000400908      0x240
 *(.rela.plt)
 .rela.plt      0x0000000000400908      0x240 /usr/lib/gcc/x86_64-redhat-linux/14/../../../../lib64/crt1.o
                [!provide]                        PROVIDE (__rela_iplt_start = .)
 *(.rela.iplt)
 .rela.iplt     0x0000000000400b48        0x0 /usr/lib/gcc/x86_64-redhat-linux/14/../../../../lib64/crt1.o
                [!provide]                        PROVIDE (__rela_iplt_end = .)

.relr.dyn
 *(.relr.dyn)
                0x0000000000401000                . = ALIGN (CONSTANT (MAXPAGESIZE))

.init           0x0000000000401000       0x1b
 *(SORT_NONE(.init))
 .init          0x0000000000401000       0x16 /usr/lib/gcc/x86_64-redhat-linux/14/../../../../lib64/crti.o
                0x0000000000401000                _init
 .init          0x0000000000401016        0x5 /usr/lib/gcc/x86_64-redhat-linux/14/../../../../lib64/crtn.o

.plt            0x0000000000401020      0x190
 *(.plt)
 .plt           0x0000000000401020      0x190 /usr/lib/gcc/x86_64-redhat-linux/14/../../../../lib64/crt1.o
                0x0000000000401030                putchar@@GLIBC_2.2.5
                0x0000000000401040                pthread_cond_broadcast@@GLIBC_2.3.2
                0x0000000000401050                puts@@GLIBC_2.2.5
                0x0000000000401060                clock_gettime@@GLIBC_2.17
                0x0000000000401070                getpid@@GLIBC_2.2.5
                0x0000000000401080                pthread_cond_wait@@GLIBC_2.3.2
                0x0000000000401090                mmap@@GLIBC_2.2.5
                0x00000000004010a0                printf@@GLIBC_2.2.5
                0x00000000004010b0                nanosleep@@GLIBC_2.2.5
                0x00000000004010c0                ftruncate@@GLIBC_2.2.5
                0x00000000004010d0                pthread_attr_init@@GLIBC_2.2.5
                0x00000000004010e0                fgets@@GLIBC_2.2.5
                0x00000000004010f0                pthread_mutex_unlock@@GLIBC_2.2.5
                0x0000000000401100                fflush@@GLIBC_2.2.5
                0x0000000000401110                mlockall@@GLIBC_2.2.5
                0x0000000000401120                pthread_create@@GLIBC_2.34
                0x0000000000401130                exit@@GLIBC_2.2.5
                0x0000000000401140                shm_open@@GLIBC_2.34
                0x0000000000401150                pthread_join@@GLIBC_2.34
                0x0000000000401160                shm_unlink@@GLIBC_2.34
                0x0000000000401170                sleep@@GLIBC_2.2.5
                0x0000000000401180                strstr@@GLIBC_2.2.5
                0x0000000000401190                pthread_mutex_lock@@GLIBC_2.2.5
                0x00000000004011a0                pthread_attr_setstacksize@@GLIBC_2.34
 *(.iplt)
 .iplt          0x00000000004011b0        0x0 /usr/lib/gcc/x86_64-redhat-linux/14/../../../../lib64/crt1.o

.plt.got        0x00000000004011b0        0x0
 *(.plt.got)
 .plt.got       0x00000000004011b0        0x0 /usr/lib/gcc/x86_64-redhat-linux/14/../../../../lib64/crt1.o

.plt.sec
 *(.plt.sec)

.text           0x00000000004011b0      0xa81
 *(.text.unlikely .text.*_unlikely .text.unlikely.*)
 .text.unlikely
                0x00000000004011b0        0xa rtt.o
 *(.text.exit .text.exit.*)
 *(.text.startup .text.startup.*)
 *fill*         0x00000000004011ba        0x6 
 .text.startup  0x00000000004011c0       0x33 rtt.o
                0x00000000004011c0                main
 *(.text.hot .text.hot.*)
 *(SORT_BY_NAME(.text.sorted.*))
 *(.text .stub .text.* .gnu.linkonce.t.*)
 *fill*         0x00000000004011f3        0xd 
 .text          0x0000000000401200       0x35 /usr/lib/gcc/x86_64-redhat-linux/14/../../../../lib64/crt1.o
                0x0000000000401200                _start
                0x0000000000401230                _dl_relocate_static_pie
 .text          0x0000000000401235        0x0 /usr/lib/gcc/x86_64-redhat-linux/14/../../../../lib64/crti.o
 *fill*         0x0000000000401235        0xb 
 .text          0x0000000000401240       0xa6 /usr/lib/gcc/x86_64-redhat-linux/14/crtbegin.o
 *fill*         0x00000000004012e6        0xa 
 .text          0x00000000004012f0      0x514 rtt.o
                0x00000000004012f0                processCommands
                0x0000000000401420                apptaskOverflowHook
                0x0000000000401430                taskinit
                0x0000000000401530                task1m
                0x00000000004017a0                apptaskbg
                0x00000000004017d0                taskEnd
 *fill*         0x0000000000401804        0xc 
 .text          0x0000000000401810      0x3fb rtThread.o
                0x0000000000401810                thread_func
                0x0000000000401880                cmdThread_func
                0x0000000000401a00                getCmd
                0x0000000000401a70                rtt_init
 *fill*         0x0000000000401c0b        0x5 
 .text          0x0000000000401c10       0x21 app.o
                0x0000000000401c10                apptaskInitHook
                0x0000000000401c20                apptask1msHook
                0x0000000000401c30                apptaskbgHook
 .text          0x0000000000401c31        0x0 /usr/lib/gcc/x86_64-redhat-linux/14/crtend.o
 .text          0x0000000000401c31        0x0 /usr/lib/gcc/x86_64-redhat-linux/14/../../../../lib64/crtn.o
 *(.gnu.warning)

.fini           0x0000000000401c34        0xd
 *(SORT_NONE(.fini))
 .fini          0x0000000000401c34        0x8 /usr/lib/gcc/x86_64-redhat-linux/14/../../../../lib64/crti.o
                0x0000000000401c34                _fini
 .fini          0x0000000000401c3c        0x5 /usr/lib/gcc/x86_64-redhat-linux/14/../../../../lib64/crtn.o
                [!provide]                        PROVIDE (__etext = .)
                [!provide]                        PROVIDE (_etext = .)
                [!provide]                        PROVIDE (etext = .)
                0x0000000000402000                . = ALIGN (CONSTANT (MAXPAGESIZE))
                0x0000000000402000                . = SEGMENT_START ("rodata-segment", (ALIGN (CONSTANT (MAXPAGESIZE)) + (. & (CONSTANT (MAXPAGESIZE) - 0x1))))

.rodata         0x0000000000402000      0x280
 *(.rodata .rodata.* .gnu.linkonce.r.*)
 .rodata.cst4   0x0000000000402000        0x4 /usr/lib/gcc/x86_64-redhat-linux/14/../../../../lib64/crt1.o
                0x0000000000402000                _IO_stdin_used
 *fill*         0x0000000000402004        0x4 
 .rodata        0x0000000000402008        0x8 /usr/lib/gcc/x86_64-redhat-linux/14/crtbegin.o
                0x0000000000402008                __dso_handle
 .rodata.str1.8
                0x0000000000402010       0xe0 rtt.o
                                         0x71 (size before relaxing)
 .rodata.str1.1
                0x00000000004020f0      0x146 rtt.o
                                         0x80 (size before relaxing)
 *fill*         0x0000000000402236        0x2 
 .rodata        0x0000000000402238       0x28 rtt.o
 .rodata.cst8   0x0000000000402260        0x8 rtt.o
 .rodata.str1.1
                0x0000000000402268       0xc6 rtThread.o
 .rodata.str1.8
                0x0000000000402268       0x68 rtThread.o
 *fill*         0x0000000000402268        0x8 
 .rodata.cst16  0x0000000000402270       0x10 rtThread.o

.rodata1
 *(.rodata1)

.eh_frame_hdr   0x0000000000402280       0x9c
 *(.eh_frame_hdr)
 .eh_frame_hdr  0x0000000000402280       0x9c /usr/lib/gcc/x86_64-redhat-linux/14/../../../../lib64/crt1.o
                0x0000000000402280                __GNU_EH_FRAME_HDR
 *(.eh_frame_entry .eh_frame_entry.*)

.eh_frame       0x0000000000402320      0x280
 *(.eh_frame)
 .eh_frame      0x0000000000402320       0x40 /usr/lib/gcc/x86_64-redhat-linux/14/../../../../lib64/crt1.o
                                         0x5c (size before relaxing)
 *fill*         0x0000000000402360        0x0 
 .eh_frame      0x0000000000402360       0x28 /usr/lib/gcc/x86_64-redhat-linux/14/../../../../lib64/crt1.o
                                         0x40 (size before relaxing)
 .eh_frame      0x0000000000402388        0x0 /usr/lib/gcc/x86_64-redhat-linux/14/../../../../lib64/crt1.o
 .eh_frame      0x0000000000402388       0xe0 rtt.o
                                         0xf8 (size before relaxing)
 .eh_frame      0x0000000000402468       0xf8 rtThread.o
                                        0x110 (size before relaxing)
 .eh_frame      0x0000000000402560       0x3c app.o
                                         0x58 (size before relaxing)
 .eh_frame      0x000000000040259c        0x4 /usr/lib/gcc/x86_64-redhat-linux/14/crtend.o
 *(.eh_frame.*)

.sframe         0x00000000004025a0        0x0
 *(.sframe)
 .sframe        0x00000000004025a0        0x0 /usr/lib/gcc/x86_64-redhat-linux/14/../../../../lib64/crt1.o
 *(.sframe.*)

.gcc_except_table
 *(.gcc_except_table .gcc_except_table.*)

.gnu_extab
 *(.gnu_extab*)

.exception_ranges
 *(.exception_ranges*)
                0x0000000000403df8                . = DATA_SEGMENT_ALIGN (CONSTANT (MAXPAGESIZE), CONSTANT (COMMONPAGESIZE))

.eh_frame
 *(.eh_frame)
 *(.eh_frame.*)

.sframe
 *(.sframe)
 *(.sframe.*)

.gnu_extab
 *(.gnu_extab)

.gcc_except_table
 *(.gcc_except_table .gcc_except_table.*)

.exception_ranges
 *(.exception_ranges*)

.tdata          0x0000000000403df8        0x0
                [!provide]                        PROVIDE (__tdata_start = .)
 *(.tdata .tdata.* .gnu.linkonce.td.*)

.tbss
 *(.tbss .tbss.* .gnu.linkonce.tb.*)
 *(.tcommon)

.preinit_array  0x0000000000403df8        0x0
                [!provide]                        PROVIDE (__preinit_array_start = .)
 *(.preinit_array)
                [!provide]                        PROVIDE (__preinit_array_end = .)

.init_array     0x0000000000403df8        0x8
                [!provide]                        PROVIDE (__init_array_start = .)
 *(SORT_BY_INIT_PRIORITY(.init_array.*) SORT_BY_INIT_PRIORITY(.ctors.*))
 *(.init_array EXCLUDE_FILE(*crtend?.o *crtend.o *crtbegin?.o *crtbegin.o) .ctors)
 .init_array    0x0000000000403df8        0x8 /usr/lib/gcc/x86_64-redhat-linux/14/crtbegin.o
                [!provide]                        PROVIDE (__init_array_end = .)

.fini_array     0x0000000000403e00        0x8
                [!provide]                        PROVIDE (__fini_array_start = .)
 *(SORT_BY_INIT_PRIORITY(.fini_array.*) SORT_BY_INIT_PRIORITY(.dtors.*))
 *(.fini_array EXCLUDE_FILE(*crtend?.o *crtend.o *crtbegin?.o *crtbegin.o) .dtors)
 .fini_array    0x0000000000403e00        0x8 /usr/lib/gcc/x86_64-redhat-linux/14/crtbegin.o
                [!provide]                        PROVIDE (__fini_array_end = .)

.ctors
 *crtbegin.o(.ctors)
 *crtbegin?.o(.ctors)
 *(EXCLUDE_FILE(*crtend?.o *crtend.o) .ctors)
 *(SORT_BY_NAME(.ctors.*))
 *(.ctors)

.dtors
 *crtbegin.o(.dtors)
 *crtbegin?.o(.dtors)
 *(EXCLUDE_FILE(*crtend?.o *crtend.o) .dtors)
 *(SORT_BY_NAME(.dtors.*))
 *(.dtors)

.jcr
 *(.jcr)

.data.rel.ro    0x0000000000403e08        0x0
 *(.data.rel.ro.local* .gnu.linkonce.d.rel.ro.local.*)
 *(.data.rel.ro .data.rel.ro.* .gnu.linkonce.d.rel.ro.*)
 .data.rel.ro   0x0000000000403e08        0x0 /usr/lib/gcc/x86_64-redhat-linux/14/../../../../lib64/crt1.o

.dynamic        0x0000000000403e08      0x1d0
 *(.dynamic)
 .dynamic       0x0000000000403e08      0x1d0 /usr/lib/gcc/x86_64-redhat-linux/14/../../../../lib64/crt1.o
                0x0000000000403e08                _DYNAMIC

.got            0x0000000000403fd8       0x10
 *(.got)
 .got           0x0000000000403fd8       0x10 /usr/lib/gcc/x86_64-redhat-linux/14/../../../../lib64/crt1.o
 *(.igot)
                0x0000000000403fe8                . = DATA_SEGMENT_RELRO_END (., (SIZEOF (.got.plt) >= 0x18)?0x18:0x0)

.got.plt        0x0000000000403fe8       0xd8
 *(.got.plt)
 .got.plt       0x0000000000403fe8       0xd8 /usr/lib/gcc/x86_64-redhat-linux/14/../../../../lib64/crt1.o
                0x0000000000403fe8                _GLOBAL_OFFSET_TABLE_
 *(.igot.plt)
 .igot.plt      0x00000000004040c0        0x0 /usr/lib/gcc/x86_64-redhat-linux/14/../../../../lib64/crt1.o

.data           0x00000000004040c0       0x5c
 *(.data .data.* .gnu.linkonce.d.*)
 .data          0x00000000004040c0        0x4 /usr/lib/gcc/x86_64-redhat-linux/14/../../../../lib64/crt1.o
                0x00000000004040c0                data_start
                0x00000000004040c0                __data_start
 .data          0x00000000004040c4        0x0 /usr/lib/gcc/x86_64-redhat-linux/14/../../../../lib64/crti.o
 .data          0x00000000004040c4        0x0 /usr/lib/gcc/x86_64-redhat-linux/14/crtbegin.o
 .data          0x00000000004040c4        0x0 rtt.o
 *fill*         0x00000000004040c4       0x1c 
 .data          0x00000000004040e0       0x3c rtThread.o
                0x00000000004040e0                aCmdSets
 .data          0x000000000040411c        0x0 app.o
 .data          0x000000000040411c        0x0 /usr/lib/gcc/x86_64-redhat-linux/14/crtend.o
 .data          0x000000000040411c        0x0 /usr/lib/gcc/x86_64-redhat-linux/14/../../../../lib64/crtn.o

.tm_clone_table
                0x0000000000404120        0x0
 .tm_clone_table
                0x0000000000404120        0x0 /usr/lib/gcc/x86_64-redhat-linux/14/crtbegin.o
 .tm_clone_table
                0x0000000000404120        0x0 /usr/lib/gcc/x86_64-redhat-linux/14/crtend.o

.data1
 *(.data1)
                0x000000000040411c                _edata = .
                [!provide]                        PROVIDE (edata = .)
                0x0000000000404120                . = .
                0x000000000040411c                __bss_start = .

.bss            0x0000000000404120      0x128
 *(.dynbss)
 .dynbss        0x0000000000404120       0x18 /usr/lib/gcc/x86_64-redhat-linux/14/../../../../lib64/crt1.o
                0x0000000000404120                stdout@@GLIBC_2.2.5
                0x0000000000404130                stdin@@GLIBC_2.2.5
 *(.bss .bss.* .gnu.linkonce.b.*)
 .bss           0x0000000000404138        0x0 /usr/lib/gcc/x86_64-redhat-linux/14/../../../../lib64/crt1.o
 .bss           0x0000000000404138        0x0 /usr/lib/gcc/x86_64-redhat-linux/14/../../../../lib64/crti.o
 .bss           0x0000000000404138        0x1 /usr/lib/gcc/x86_64-redhat-linux/14/crtbegin.o
 *fill*         0x0000000000404139        0x7 
 .bss           0x0000000000404140       0x80 rtt.o
                0x0000000000404140                oldCntSec
                0x0000000000404144                appCntMin
                0x0000000000404148                appCntSec
                0x000000000040414c                appCntMs
                0x0000000000404150                shmFd
                0x0000000000404158                mappedMemPtr
                0x0000000000404160                oldMappedAddr
                0x0000000000404168                loopTime
                0x0000000000404170                cpuUsageLastSecSum
                0x0000000000404174                cpuUsageMax
                0x0000000000404178                cpuUsageAvgLastSec
                0x000000000040417c                cpuUsageAvg
                0x0000000000404180                cpuUsageMin
                0x0000000000404184                quitReq
                0x0000000000404190                timToggle
                0x00000000004041a0                timNow
                0x00000000004041b0                timT
 .bss           0x00000000004041c0       0x88 rtThread.o
                0x00000000004041c0                nbOfCmds
                0x00000000004041c4                task1msExitCond
                0x00000000004041c8                actCmd
                0x00000000004041e0                cond
                0x0000000000404220                mut
 .bss           0x0000000000404248        0x0 app.o
 .bss           0x0000000000404248        0x0 /usr/lib/gcc/x86_64-redhat-linux/14/crtend.o
 .bss           0x0000000000404248        0x0 /usr/lib/gcc/x86_64-redhat-linux/14/../../../../lib64/crtn.o
 *(COMMON)
                0x0000000000404248                . = ALIGN ((. != 0x0)?0x8:0x1)

.lbss
 *(.dynlbss)
 *(.lbss .lbss.* .gnu.linkonce.lb.*)
 *(LARGE_COMMON)
                0x0000000000404248                . = ALIGN (0x8)
                0x0000000000404248                . = SEGMENT_START ("ldata-segment", .)

.lrodata
 *(.lrodata .lrodata.* .gnu.linkonce.lr.*)

.ldata          0x0000000000406248        0x0
 *(.ldata .ldata.* .gnu.linkonce.l.*)
                0x0000000000406248                . = ALIGN ((. != 0x0)?0x8:0x1)
                0x0000000000406248                . = ALIGN (0x8)
                0x0000000000404248                _end = .
                [!provide]                        PROVIDE (end = .)
                0x0000000000406248                . = DATA_SEGMENT_END (.)

.stab
 *(.stab)

.stabstr
 *(.stabstr)

.stab.excl
 *(.stab.excl)

.stab.exclstr
 *(.stab.exclstr)

.stab.index
 *(.stab.index)

.stab.indexstr
 *(.stab.indexstr)

.comment        0x0000000000000000       0x5c
 *(.comment)
 .comment       0x0000000000000000       0x5c /usr/lib/gcc/x86_64-redhat-linux/14/../../../../lib64/crt1.o
                                         0x8d (size before relaxing)
 .comment       0x000000000000005c       0x2f /usr/lib/gcc/x86_64-redhat-linux/14/crtbegin.o
 .comment       0x000000000000005c       0x2f rtt.o
 .comment       0x000000000000005c       0x2f rtThread.o
 .comment       0x000000000000005c       0x2f app.o
 .comment       0x000000000000005c       0x2f /usr/lib/gcc/x86_64-redhat-linux/14/crtend.o

.annobin.notes  0x0000000000000000      0x14f
 .annobin.notes
                0x0000000000000000      0x14f /usr/lib/gcc/x86_64-redhat-linux/14/../../../../lib64/crt1.o
                                        0x216 (size before relaxing)

.gnu.build.attributes
                0x0000000000406248      0x144
 *(.gnu.build.attributes .gnu.build.attributes.*)
 .gnu.build.attributes
                0x0000000000406248       0x24 /usr/lib/gcc/x86_64-redhat-linux/14/../../../../lib64/crt1.o
 .gnu.build.attributes
                0x000000000040626c       0x6c /usr/lib/gcc/x86_64-redhat-linux/14/../../../../lib64/crti.o
 .gnu.build.attributes
                0x00000000004062d8       0x24 /usr/lib/gcc/x86_64-redhat-linux/14/crtbegin.o
 .gnu.build.attributes
                0x00000000004062fc       0x24 /usr/lib/gcc/x86_64-redhat-linux/14/crtend.o
 .gnu.build.attributes
                0x0000000000406320       0x6c /usr/lib/gcc/x86_64-redhat-linux/14/../../../../lib64/crtn.o

.debug
 *(.debug)

.line
 *(.line)

.debug_srcinfo
 *(.debug_srcinfo)

.debug_sfnames
 *(.debug_sfnames)

.debug_aranges
 *(.debug_aranges)

.debug_pubnames
 *(.debug_pubnames)

.debug_info
 *(.debug_info .gnu.linkonce.wi.*)

.debug_abbrev
 *(.debug_abbrev)

.debug_line
 *(.debug_line .debug_line.* .debug_line_end)

.debug_frame
 *(.debug_frame)

.debug_str
 *(.debug_str)

.debug_loc
 *(.debug_loc)

.debug_macinfo
 *(.debug_macinfo)

.debug_weaknames
 *(.debug_weaknames)

.debug_funcnames
 *(.debug_funcnames)

.debug_typenames
 *(.debug_typenames)

.debug_varnames
 *(.debug_varnames)

.debug_pubtypes
 *(.debug_pubtypes)

.debug_ranges
 *(.debug_ranges)

.debug_addr
 *(.debug_addr)

.debug_line_str
 *(.debug_line_str)

.debug_loclists
 *(.debug_loclists)

.debug_macro
 *(.debug_macro)

.debug_names
 *(.debug_names)

.debug_rnglists
 *(.debug_rnglists)

.debug_str_offsets
 *(.debug_str_offsets)

.debug_sup
 *(.debug_sup)

.gnu.attributes
 *(.gnu.attributes)

/DISCARD/
 *(.note.GNU-stack)
 *(.gnu_debuglink)
 *(.gnu.lto_*)
OUTPUT(rtt elf64-x86-64)
